// Vitest Snapshot v1, https://vitest.dev/guide/snapshot.html

exports[`AppFooter > Mounted correctly 1`] = `
<div>
  <footer
    class="bg-sky-800 h-[10vh] flex items-center text-center capitalize"
  >
    <div
      class="container mx-auto"
    >
      footer
    </div>
  </footer>
</div>
`;
